node.exe : - 
Generating browser 
application bundles 
(phase: setup)...
At C:\Program Files\nod
ejs\npx.ps1:29 char:3
+   & $NODE_EXE 
$NPX_CLI_JS $args
+   ~~~~~~~~~~~~~~~~~~~
~~~~~~~~~~
    + CategoryInfo     
         : NotSpecifi  
  ed: (- Generating    
 br...hase: setup).    
..:String) [], Rem    
oteException
    + FullyQualifiedEr 
   rorId : NativeComm  
  andError
 
Γ£ö Browser 
application bundle 
generation complete.
Γ£ö Browser 
application bundle 
generation complete.
- Copying assets...
Γ£ö Copying assets 
complete.
- Generating index 
html...
Γ£ö Index html 
generation complete.

[1mInitial chunk files[22m          [2m | [22m[1mNames[22m                                                    [2m | [22m [1mRaw size[22m[2m | [22m[1mEstimated transfer size[22m
[32mmain.756abb739288ffdd.js[39m     [2m | [22m[2mmain[22m                                                     [2m | [22m[36m337.75 kB[39m[2m | [22m               [36m89.92 kB[39m
[32mpolyfills.048187e123251000.js[39m[2m | [22m[2mpolyfills[22m                                                [2m | [22m [36m35.55 kB[39m[2m | [22m               [36m11.43 kB[39m
[32mstyles.1c9c7d1f220ee7ab.css[39m  [2m | [22m[2mstyles[22m                                                   [2m | [22m [36m26.45 kB[39m[2m | [22m                [36m5.58 kB[39m
[32mruntime.9e7038e202ab05e3.js[39m  [2m | [22m[2mruntime[22m                                                  [2m | [22m  [36m2.69 kB[39m[2m | [22m                [36m1.33 kB[39m

[1m [22m                            [2m | [22m[1mInitial total[22m                                            [2m | [22m[1m402.44 kB[22m[2m | [22m              [1m108.26 kB[22m

[1mLazy chunk files[22m             [2m | [22m[1mNames[22m                                                    [2m | [22m [1mRaw size[22m[2m | [22m[1mEstimated transfer size[22m
[32m768.654ce8141460c81c.js[39m      [2m | [22m[2mcomponents-features-movie-details-movie-details-component[22m[2m | [22m [36m13.08 kB[39m[2m | [22m                [36m3.23 kB[39m
[32m179.a94fbe3d28918947.js[39m      [2m | [22m[2mcomponents-features-discovery-discovery-component[22m        [2m | [22m [36m11.76 kB[39m[2m | [22m                [36m2.99 kB[39m
[32m437.ed41ca527055634a.js[39m      [2m | [22m[2mcomponents-features-dashboard-dashboard-component[22m        [2m | [22m [36m10.70 kB[39m[2m | [22m                [36m2.88 kB[39m
[32m133.cce9b1319f38792b.js[39m      [2m | [22m[2mcomponents-features-support-support-component[22m            [2m | [22m  [36m8.86 kB[39m[2m | [22m                [36m2.62 kB[39m
[32m373.b053afcc9e8e1446.js[39m      [2m | [22m[2mcomponents-features-booking-booking-component[22m            [2m | [22m  [36m7.89 kB[39m[2m | [22m                [36m2.33 kB[39m
[32mcommon.d3e28f1613bf3f95.js[39m   [2m | [22m[2mcommon[22m                                                   [2m | [22m  [36m2.67 kB[39m[2m | [22m              [36m991 bytes[39m
[32m341.9f86261620d38281.js[39m      [2m | [22m[2mcomponents-features-discovery-discovery-component[22m        [2m | [22m[36m720 bytes[39m[2m | [22m              [36m365 bytes[39m

Build at: 2026-03-05T03:33:49.357Z - Hash: 4e295c09b08a75d0 - Time: 23234ms
[1m[33m
Warning: [96msrc/app/c
omponents/features/dash
board/dashboard.compone
nt.ts[0m:[93m12[0m:
[93m41[0m - 
[93mwarning[0m[90m 
NG8113: [0mEmptyStateC
omponent is not used 
within the template of 
DashboardComponent

[7m12[0m   imports: 
[CommonModule, 
RouterModule, 
EmptyStateComponent],
[7m  [0m [93m       
                       
          
~~~~~~~~~~~~~~~~~~~[0m


Warning: [96msrc/app/c
omponents/features/disc
overy/discovery.compone
nt.ts[0m:[93m13[0m:
[93m80[0m - 
[93mwarning[0m[90m 
NG8113: [0mEmptyStateC
omponent is not used 
within the template of 
DiscoveryComponent

[7m13[0m   imports: 
[CommonModule, 
RouterModule, 
InputComponent, 
SkeletonCardComponent, 
EmptyStateComponent],
[7m  [0m [93m       
                       
                       
                       
   
~~~~~~~~~~~~~~~~~~~[0m


Warning: [96msrc/app/c
omponents/features/movi
e-details/movie-details
.component.ts[0m:[93m
12[0m:[93m41[0m - 
[93mwarning[0m[90m 
NG8113: [0mSkeletonCar
dComponent is not used 
within the template of 
MovieDetailsComponent

[7m12[0m   imports: 
[CommonModule, 
RouterModule, 
SkeletonCardComponent, 
ErrorPageComponent],
[7m  [0m [93m       
                       
          ~~~~~~~~~~~~~
~~~~~~~~[0m


Warning: [96msrc/app/c
omponents/features/supp
ort/support.component.t
s[0m:[93m10[0m:[93m
40[0m - 
[93mwarning[0m[90m 
NG8113: 
[0mInputComponent is 
not used within the 
template of 
SupportComponent

[7m10[0m   imports: 
[CommonModule, 
FormsModule, 
InputComponent],
[7m  [0m [93m       
                       
         
~~~~~~~~~~~~~~[0m


[39m[22m
